---
source: tests/e2e/config_env_tests.rs
expression: result.to_string()
---
stdout: # BEGIN SERIALIZE CONFIG SNAPSHOT
# config=/tmp/REDACTED/config.json
# target_type=nixos_or_home
# machine=test-machine
# username=
# artifact=nixos-secret
# artifact_context=nixos
# FILE CONTENT:
{}# END SERIALIZE CONFIG SNAPSHOT
stderr: (no output)
