---
source: tests/command_tests.rs
info:
  program: artifacts-cli
  args:
    - "--log-level=debug"
    - regenerate
    - /home/palo/dev/nixos/nixos-artifacts/pkgs/artifacts-tui/examples/bigger_setup/backend.toml
    - /home/palo/dev/nixos/nixos-artifacts/pkgs/artifacts-tui/examples/bigger_setup/make.json
    - "--machine=machine-one"
    - "--artifact=artifact-one"
  env:
    TMPDIR: /tmp/artifacts-tui-ci
  stdin: ""
---
success: true
exit_code: 0
----- stdout -----
[regenerate]
DEBUG:     files to produce -> 1 files
DEBUG:       - first-secret => /run/secrets/first-secret
⚡ machine-one/artifact-one
💾 serialize secrets
=== Content of /tmp/artifacts-tui-ci/out-artifact-one/first-secret ===
one
=========================
✅ machine-one/artifact-two
✅ machine-two/artifact-one
✅ machine-two/artifact-two

----- stderr -----
