---
source: tests/command_tests.rs
info:
  program: artifacts
  args:
    - "--log-level=debug"
    - list
    - /home/palo/dev/nixos/nixos-artifacts/pkgs/artifacts-tui/examples/bigger_setup/backend.toml
    - /home/palo/dev/nixos/nixos-artifacts/pkgs/artifacts-tui/examples/bigger_setup/make.json
  env:
    TMPDIR: /tmp/artifacts-tui-ci
  stdin: ""
---
success: true
exit_code: 0
----- stdout -----
[list]
machine: machine-one
artifact: artifact-one
artifact: artifact-two
[list]
machine: machine-two
artifact: artifact-one
artifact: artifact-two

----- stderr -----
