---
source: tests/command_tests.rs
info:
  program: artifacts-cli
  args:
    - "--log-level=debug"
    - regenerate
    - /home/palo/dev/nixos/nixos-artifacts/pkgs/artifacts-tui/examples/bigger_setup/backend.toml
    - /home/palo/dev/nixos/nixos-artifacts/pkgs/artifacts-tui/examples/bigger_setup/make.json
    - "--machine=machine-name"
  env:
    TMPDIR: /tmp/artifacts-tui-ci
  stdin: ""
---
success: true
exit_code: 0
----- stdout -----

----- stderr -----
