---
source: tests/command_tests.rs
info:
  program: artifacts
  args:
    - "--log-level=debug"
    - generate
    - /home/palo/dev/artifacts/nixos-artifacts/pkgs/artifacts-cli/examples/missing_generator
  env:
    NIXOS_ARTIFACTS_BACKEND_CONFIG: /home/palo/dev/artifacts/nixos-artifacts/pkgs/artifacts-cli/examples/missing_generator/backend.toml
    TMPDIR: /tmp/artifacts-cli
  stdin: ""
---
success: false
exit_code: 1
----- stdout -----
DEBUG: Running nix build: /run/current-system/sw/bin/nix build --impure -I flake=/home/palo/dev/artifacts/nixos-artifacts/pkgs/artifacts-cli/examples/missing_generator --no-link --print-out-paths --expr '
DEBUG: let
DEBUG:   system = "x86_64-linux";
DEBUG:   filterAttrs =
DEBUG:     pred: set:
DEBUG:     builtins.removeAttrs set (builtins.filter (name: !pred name set.${name}) (builtins.attrNames set));
DEBUG:   flake = builtins.getFlake (toString <flake>);
DEBUG:   pkgs = flake.inputs.nixpkgs.legacyPackages.${system};
DEBUG:   nixosConfigurations = builtins.attrNames (
DEBUG:     filterAttrs (
DEBUG:       machine: configuration: builtins.hasAttr "artifacts" configuration.options
DEBUG:     ) flake.nixosConfigurations
DEBUG:   );
DEBUG:   homeConfigurations =
DEBUG:     let hc = if builtins.hasAttr "homeConfigurations" flake then flake.homeConfigurations else {};
DEBUG:     in builtins.attrNames (
DEBUG:       filterAttrs (
DEBUG:         user: configuration: builtins.hasAttr "artifacts" configuration.options
DEBUG:       ) hc
DEBUG:     );
DEBUG:   nixos = map (name: {
DEBUG:     machine = name;
DEBUG:     artifacts = flake.nixosConfigurations.${name}.config.artifacts.store;
DEBUG:     config =
DEBUG:       if (builtins.hasAttr "config" flake.nixosConfigurations.${name}.config.artifacts) then
DEBUG:         flake.nixosConfigurations.${name}.config.artifacts.config
DEBUG:       else
DEBUG:         { };
DEBUG:   }) nixosConfigurations;
DEBUG:   home = map (name: {
DEBUG:     user = name;
DEBUG:     artifacts = flake.homeConfigurations.${name}.config.artifacts.store;
DEBUG:     config =
DEBUG:       if (builtins.hasAttr "config" flake.homeConfigurations.${name}.config.artifacts) then
DEBUG:         flake.homeConfigurations.${name}.config.artifacts.config
DEBUG:       else
DEBUG:         { };
DEBUG:   }) homeConfigurations;
DEBUG:   make = { inherit nixos home; };
DEBUG: in
DEBUG: pkgs.writeText "test.json" (builtins.toJSON make)
DEBUG: '
DEBUG: make config (pretty):
DEBUG: {
DEBUG:   "home": [],
DEBUG:   "nixos": [
DEBUG:     {
DEBUG:       "artifacts": {
DEBUG:         "artifact": {
DEBUG:           "files": {
DEBUG:             "first-secret": {
DEBUG:               "group": "root",
DEBUG:               "mode": "0400",
DEBUG:               "name": "first-secret",
DEBUG:               "owner": "root",
DEBUG:               "path": "/run/secrets/first-secret"
DEBUG:             }
DEBUG:           },
DEBUG:           "generator": null,
DEBUG:           "name": "artifact",
DEBUG:           "prompts": {},
DEBUG:           "serialization": "test",
DEBUG:           "shared": false
DEBUG:         }
DEBUG:       },
DEBUG:       "config": {},
DEBUG:       "machine": "machine-name"
DEBUG:     }
DEBUG:   ]
DEBUG: }

----- stderr -----
ERROR: parsing make config /nix/store/810szkddawwjycs2lj6lrphsim4pm1si-test.json: generator must be set at line 1 column 261
