---
source: tests/cli/command_tests.rs
info:
  program: artifacts
  args:
    - "--log-level=trace"
    - generate
    - /home/palo/dev/artifacts/nixos-artifacts/pkgs/artifacts-cli/examples/artifact_names
    - "--machine=machine-name"
  env:
    NIXOS_ARTIFACTS_BACKEND_CONFIG: /home/palo/dev/artifacts/nixos-artifacts/pkgs/artifacts-cli/examples/artifact_names/backend.toml
    TMPDIR: /tmp/artifacts-cli
  stdin: ""
---
success: true
exit_code: 0
----- stdout -----
🐛 Running nix build on /home/palo/dev/artifacts/nixos-artifacts/pkgs/artifacts-cli/examples/artifact_names
💬 /run/current-system/sw/bin/nix build --impure -I flake=/home/palo/dev/artifacts/nixos-artifacts/pkgs/artifacts-cli/examples/artifact_names --no-link --print-out-paths --expr 'let
💬   system = "x86_64-linux";
💬   filterAttrs =
💬     pred: set:
💬     builtins.removeAttrs set (builtins.filter (name: !pred name set.${name}) (builtins.attrNames set));
💬   flake = builtins.getFlake (toString <flake>);
💬   pkgs = flake.inputs.nixpkgs.legacyPackages.${system};
💬   nixosConfigurations = builtins.attrNames (
💬     filterAttrs (
💬       machine: configuration: builtins.hasAttr "artifacts" configuration.options
💬     ) flake.nixosConfigurations
💬   );
💬   homeConfigurations =
💬     let
💬       hc = if builtins.hasAttr "homeConfigurations" flake then flake.homeConfigurations else { };
💬     in
💬     builtins.attrNames (
💬       filterAttrs (user: configuration: builtins.hasAttr "artifacts" configuration.options) hc
💬     );
💬   nixos = map (name: {
💬     machine = name;
💬     artifacts = flake.nixosConfigurations.${name}.config.artifacts.store;
💬     config =
💬       if (builtins.hasAttr "config" flake.nixosConfigurations.${name}.config.artifacts) then
💬         flake.nixosConfigurations.${name}.config.artifacts.config
💬       else
💬         { };
💬   }) nixosConfigurations;
💬   home = map (name: {
💬     user = name;
💬     artifacts = flake.homeConfigurations.${name}.config.artifacts.store;
💬     config =
💬       if (builtins.hasAttr "config" flake.homeConfigurations.${name}.config.artifacts) then
💬         flake.homeConfigurations.${name}.config.artifacts.config
💬       else
💬         { };
💬   }) homeConfigurations;
💬   make = { inherit nixos home; };
💬 in
💬 pkgs.writeText "test.json" (builtins.toJSON make)
💬 '
💬 make config (pretty):
💬 {
💬   "home": [],
💬   "nixos": [
💬     {
💬       "artifacts": {
💬         "artifact.one": {
💬           "files": {
💬             "fifth secret": {
💬               "group": "root",
💬               "mode": "0400",
💬               "name": "fifth secret",
💬               "owner": "root",
💬               "path": "/run/secrets/fifth secret"
💬             },
💬             "first.secret": {
💬               "group": "root",
💬               "mode": "0400",
💬               "name": "first.secret",
💬               "owner": "root",
💬               "path": "/run/secrets/first.secret"
💬             },
💬             "forthSecret": {
💬               "group": "root",
💬               "mode": "0400",
💬               "name": "forthSecret",
💬               "owner": "root",
💬               "path": "/run/secrets/forthSecret"
💬             },
💬             "second_secret": {
💬               "group": "root",
💬               "mode": "0400",
💬               "name": "second_secret",
💬               "owner": "root",
💬               "path": "/run/secrets/second_secret"
💬             },
💬             "third-secret": {
💬               "group": "root",
💬               "mode": "0400",
💬               "name": "third-secret",
💬               "owner": "root",
💬               "path": "/run/secrets/third-secret"
💬             }
💬           },
💬           "generator": "/nix/store/[hash]-test_generator.sh",
💬           "name": "artifact.one",
💬           "prompts": {},
💬           "serialization": "test",
💬           "shared": false
💬         }
💬       },
💬       "config": {},
💬       "machine": "machine-name"
💬     }
💬   ]
💬 }
[generate]
🐛     files to produce -> 5 files
🐛       - fifth secret => /run/secrets/fifth secret owner=root group=root
🐛       - first.secret => /run/secrets/first.secret owner=root group=root
🐛       - forthSecret => /run/secrets/forthSecret owner=root group=root
🐛       - second_secret => /run/secrets/second_secret owner=root group=root
🐛       - third-secret => /run/secrets/third-secret owner=root group=root
🐛     running check_serialization: env inputs="/tmp/artifacts-cli/inputs-artifact.one" machine="machine-name" artifact="artifact.one" artifact_context="nixos" /home/palo/dev/artifacts/nixos-artifacts/pkgs/artifacts-cli/examples/artifact_names/test_check.sh
Environment variables:
inputs=/tmp/artifacts-cli/inputs-artifact.one
config=/tmp/artifacts-cli/config-artifact.one/config.json
machine=machine-name
artifact=artifact.one
username=
artifact_context=nixos
--- Begin /tmp/artifacts-cli/config-artifact.one/config.json ---
{}
--- End /tmp/artifacts-cli/config-artifact.one/config.json ---

fifth secret
first.secret
forthSecret
second_secret
third-secret
🐛     check_serialization: failed with status exit status: 1 -> continuing with generation
⚡ machine-name/artifact.one
🐛 run bwrap with command /nix/store/[hash]-test_generator.sh/bin/test_generator.sh
💬 bwrap \
💬 --unshare-all \
💬 --unshare-user \
💬 --uid 1000 \
💬 --gid 1000 \
💬 --tmpfs / \
💬 --chdir / \
💬 --ro-bind /nix/store /nix/store \
💬 --tmpfs /usr/lib/systemd \
💬 --proc /proc \
💬 --dev /dev \
💬 --bind /tmp/artifacts-cli/prompt-artifact.one /tmp/artifacts-cli/prompt-artifact.one \
💬 --bind /tmp/artifacts-cli/out-artifact.one /tmp/artifacts-cli/out-artifact.one \
💬 --ro-bind /nix/store/[hash]-test_generator.sh/bin /nix/store/[hash]-test_generator.sh/bin \
💬 --ro-bind /bin /bin \
💬 --ro-bind /usr/bin /usr/bin \
💬 --ro-bind /tmp/artifacts-cli/artifacts-cli-passwd-70cab021bfe35e1e.txt /etc/passwd \
💬 -- /bin/sh /nix/store/[hash]-test_generator.sh/bin/test_generator.sh
💾 serialize secrets
Environment variables:
out=/tmp/artifacts-cli/out-artifact.one
config=/tmp/artifacts-cli/config/config.json
machine=machine-name
artifact=artifact.one
username=
artifact_context=nixos
--- Begin /tmp/artifacts-cli/config/config.json ---
{}
--- End /tmp/artifacts-cli/config/config.json ---

=== Content of /tmp/artifacts-cli/out-artifact.one/fifth secret ===
test
=========================
=== Content of /tmp/artifacts-cli/out-artifact.one/first.secret ===
test
=========================
=== Content of /tmp/artifacts-cli/out-artifact.one/forthSecret ===
test
=========================
=== Content of /tmp/artifacts-cli/out-artifact.one/second_secret ===
test
=========================
=== Content of /tmp/artifacts-cli/out-artifact.one/third-secret ===
test
=========================

----- stderr -----
