---
source: tests/cli/command_tests.rs
info:
  program: artifacts
  args:
    - "--log-level=trace"
    - generate
    - /home/palo/dev/artifacts/nixos-artifacts/pkgs/artifacts-cli/examples/backend_include
  env:
    NIXOS_ARTIFACTS_BACKEND_CONFIG: /home/palo/dev/artifacts/nixos-artifacts/pkgs/artifacts-cli/examples/backend_include/backend.toml
    TMPDIR: /tmp/artifacts-cli
  stdin: ""
---
success: false
exit_code: 1
----- stdout -----
🐛 Running nix build on /home/palo/dev/artifacts/nixos-artifacts/pkgs/artifacts-cli/examples/backend_include
💬 /run/current-system/sw/bin/nix build --impure -I flake=/home/palo/dev/artifacts/nixos-artifacts/pkgs/artifacts-cli/examples/backend_include --no-link --print-out-paths --expr 'let
💬   system = "x86_64-linux";
💬   filterAttrs =
💬     pred: set:
💬     builtins.removeAttrs set (builtins.filter (name: !pred name set.${name}) (builtins.attrNames set));
💬   flake = builtins.getFlake (toString <flake>);
💬   pkgs = flake.inputs.nixpkgs.legacyPackages.${system};
💬   nixosConfigurations = builtins.attrNames (
💬     filterAttrs (
💬       machine: configuration: builtins.hasAttr "artifacts" configuration.options
💬     ) flake.nixosConfigurations
💬   );
💬   homeConfigurations =
💬     let
💬       hc = if builtins.hasAttr "homeConfigurations" flake then flake.homeConfigurations else { };
💬     in
💬     builtins.attrNames (
💬       filterAttrs (user: configuration: builtins.hasAttr "artifacts" configuration.options) hc
💬     );
💬   nixos = map (name: {
💬     machine = name;
💬     artifacts = flake.nixosConfigurations.${name}.config.artifacts.store;
💬     config =
💬       if (builtins.hasAttr "config" flake.nixosConfigurations.${name}.config.artifacts) then
💬         flake.nixosConfigurations.${name}.config.artifacts.config
💬       else
💬         { };
💬   }) nixosConfigurations;
💬   home = map (name: {
💬     user = name;
💬     artifacts = flake.homeConfigurations.${name}.config.artifacts.store;
💬     config =
💬       if (builtins.hasAttr "config" flake.homeConfigurations.${name}.config.artifacts) then
💬         flake.homeConfigurations.${name}.config.artifacts.config
💬       else
💬         { };
💬   }) homeConfigurations;
💬   make = { inherit nixos home; };
💬 in
💬 pkgs.writeText "test.json" (builtins.toJSON make)
💬 '
💬 make config (pretty):
💬 {
💬   "home": [],
💬   "nixos": [
💬     {
💬       "artifacts": {
💬         "test-artifact": {
💬           "files": {
💬             "secret-file": {
💬               "group": "root",
💬               "mode": "0400",
💬               "name": "secret-file",
💬               "owner": "root",
💬               "path": "/run/secrets/secret-file"
💬             }
💬           },
💬           "generator": "/nix/store/[hash]-test_generator.sh",
💬           "name": "test-artifact",
💬           "prompts": {},
💬           "serialization": "test",
💬           "shared": false
💬         }
💬       },
💬       "config": {},
💬       "machine": "machine-name"
💬     }
💬   ]
💬 }
[generate]
🐛 {
🐛   "files": [
🐛     {
🐛       "group": "root",
🐛       "name": "secret-file",
🐛       "owner": "root",
🐛       "path": "/run/secrets/secret-file"
🐛     }
🐛   ],
🐛   "files_to_produce": 1
🐛 }
🐛     running check_serialization: env inputs="/tmp/artifacts-cli/inputs-test-artifact" machine="machine-name" artifact="test-artifact" artifact_context="nixos" /home/palo/dev/artifacts/nixos-artifacts/pkgs/artifacts-cli/examples/backend_include/../test_check.sh

----- stderr -----
❌ running check_serialization /home/palo/dev/artifacts/nixos-artifacts/pkgs/artifacts-cli/examples/backend_include/../test_check.sh: No such file or directory (os error 2)
