---
source: tests/cli/command_tests.rs
info:
  program: artifacts
  args:
    - "--log-level=trace"
    - generate
    - /home/palo/dev/artifacts/nixos-artifacts/pkgs/artifacts-cli/examples/unwanted-files
  env:
    NIXOS_ARTIFACTS_BACKEND_CONFIG: /home/palo/dev/artifacts/nixos-artifacts/pkgs/artifacts-cli/examples/unwanted-files/backend.toml
    TMPDIR: /tmp/artifacts-cli
  stdin: "one\ntwo\n"
---
success: false
exit_code: 1
----- stdout -----
DEBUG: Running nix build on /home/palo/dev/artifacts/nixos-artifacts/pkgs/artifacts-cli/examples/unwanted-files
TRACE: /run/current-system/sw/bin/nix build --impure -I flake=/home/palo/dev/artifacts/nixos-artifacts/pkgs/artifacts-cli/examples/unwanted-files --no-link --print-out-paths --expr 'let
TRACE:   system = "x86_64-linux";
TRACE:   filterAttrs =
TRACE:     pred: set:
TRACE:     builtins.removeAttrs set (builtins.filter (name: !pred name set.${name}) (builtins.attrNames set));
TRACE:   flake = builtins.getFlake (toString <flake>);
TRACE:   pkgs = flake.inputs.nixpkgs.legacyPackages.${system};
TRACE:   nixosConfigurations = builtins.attrNames (
TRACE:     filterAttrs (
TRACE:       machine: configuration: builtins.hasAttr "artifacts" configuration.options
TRACE:     ) flake.nixosConfigurations
TRACE:   );
TRACE:   homeConfigurations =
TRACE:     let
TRACE:       hc = if builtins.hasAttr "homeConfigurations" flake then flake.homeConfigurations else { };
TRACE:     in
TRACE:     builtins.attrNames (
TRACE:       filterAttrs (user: configuration: builtins.hasAttr "artifacts" configuration.options) hc
TRACE:     );
TRACE:   nixos = map (name: {
TRACE:     machine = name;
TRACE:     artifacts = flake.nixosConfigurations.${name}.config.artifacts.store;
TRACE:     config =
TRACE:       if (builtins.hasAttr "config" flake.nixosConfigurations.${name}.config.artifacts) then
TRACE:         flake.nixosConfigurations.${name}.config.artifacts.config
TRACE:       else
TRACE:         { };
TRACE:   }) nixosConfigurations;
TRACE:   home = map (name: {
TRACE:     user = name;
TRACE:     artifacts = flake.homeConfigurations.${name}.config.artifacts.store;
TRACE:     config =
TRACE:       if (builtins.hasAttr "config" flake.homeConfigurations.${name}.config.artifacts) then
TRACE:         flake.homeConfigurations.${name}.config.artifacts.config
TRACE:       else
TRACE:         { };
TRACE:   }) homeConfigurations;
TRACE:   make = { inherit nixos home; };
TRACE: in
TRACE: pkgs.writeText "test.json" (builtins.toJSON make)
TRACE: '
DEBUG: make config (pretty):
DEBUG: {
DEBUG:   "home": [],
DEBUG:   "nixos": [
DEBUG:     {
DEBUG:       "artifacts": {
DEBUG:         "test-artifact": {
DEBUG:           "files": {
DEBUG:             "simple-secrets": {
DEBUG:               "group": "deployer",
DEBUG:               "mode": "0400",
DEBUG:               "name": "simple-secrets",
DEBUG:               "owner": "deployer",
DEBUG:               "path": "/run/secrets/simple-secrets"
DEBUG:             },
DEBUG:             "very-simple-secrets": {
DEBUG:               "group": "root",
DEBUG:               "mode": "0400",
DEBUG:               "name": "very-simple-secrets",
DEBUG:               "owner": "root",
DEBUG:               "path": "/run/secrets/very-simple-secrets"
DEBUG:             }
DEBUG:           },
DEBUG:           "generator": "/nix/store/[hash]-test_generator_unwanted_files.sh",
DEBUG:           "name": "test-artifact",
DEBUG:           "prompts": {},
DEBUG:           "serialization": "test",
DEBUG:           "shared": false
DEBUG:         }
DEBUG:       },
DEBUG:       "config": {},
DEBUG:       "machine": "unwanted-files"
DEBUG:     }
DEBUG:   ]
DEBUG: }
[generate]
DEBUG:     files to produce -> 2 files
DEBUG:       - simple-secrets => /run/secrets/simple-secrets owner=deployer group=deployer
DEBUG:       - very-simple-secrets => /run/secrets/very-simple-secrets owner=root group=root
DEBUG:     running check_serialization: env inputs="/tmp/artifacts-cli/inputs-test-artifact" machine="unwanted-files" artifact="test-artifact" artifact_context="nixos" /home/palo/dev/artifacts/nixos-artifacts/pkgs/artifacts-cli/examples/unwanted-files/test_check.sh
Environment variables:
inputs=/tmp/artifacts-cli/inputs-test-artifact
config=/tmp/artifacts-cli/config-test-artifact/config.json
machine=unwanted-files
artifact=test-artifact
username=
artifact_context=nixos
--- Begin /tmp/artifacts-cli/config-test-artifact/config.json ---
{}
--- End /tmp/artifacts-cli/config-test-artifact/config.json ---

DEBUG:     check_serialization: failed with status exit status: 1 -> continuing with generation
⚡ unwanted-files/test-artifact
DEBUG: run bwrap with command /nix/store/[hash]-test_generator_unwanted_files.sh/bin/test_generator_unwanted_files.sh
TRACE: bwrap \
TRACE: --unshare-all \
TRACE: --unshare-user \
TRACE: --uid 1000 \
TRACE: --gid 1000 \
TRACE: --tmpfs / \
TRACE: --chdir / \
TRACE: --ro-bind /nix/store /nix/store \
TRACE: --tmpfs /usr/lib/systemd \
TRACE: --proc /proc \
TRACE: --dev /dev \
TRACE: --bind /tmp/artifacts-cli/prompt-test-artifact /tmp/artifacts-cli/prompt-test-artifact \
TRACE: --bind /tmp/artifacts-cli/out-test-artifact /tmp/artifacts-cli/out-test-artifact \
TRACE: --ro-bind /nix/store/[hash]-test_generator_unwanted_files.sh/bin /nix/store/[hash]-test_generator_unwanted_files.sh/bin \
TRACE: --ro-bind /bin /bin \
TRACE: --ro-bind /usr/bin /usr/bin \
TRACE: --ro-bind /tmp/artifacts-cli/artifacts-cli-passwd-820e090949e37de7.txt /etc/passwd \
TRACE: -- /bin/sh /nix/store/[hash]-test_generator_unwanted_files.sh/bin/test_generator_unwanted_files.sh

----- stderr -----
ERROR: generator produced extra files for artifact 'test-artifact': [should_not_be_there]
