---
source: tests/tui/view_tests.rs
expression: result.to_string()
---
State:
GeneratorSelectionSnapshot {
    artifact_name: "shared-api-key",
    selected_index: 1,
    generators: [
        GeneratorSnapshot {
            path: "/nix/store/xxx-gen-prod",
            sources: [
                SourceSnapshot {
                    target: "prod-server",
                    target_type: "nixos",
                },
            ],
        },
        GeneratorSnapshot {
            path: "/nix/store/yyy-gen-dev",
            sources: [
                SourceSnapshot {
                    target: "dev-machine",
                    target_type: "nixos",
                },
            ],
        },
    ],
}

Rendered:
"┌Select generator for shared artifact "shared-api-key"───────────────┐"
"│  /nix/store/xxx-gen-prod (1 NixOS machine)                         │"
"│      └─NixOS: prod-server                                          │"
"│                                                                    │"
"│> /nix/store/yyy-gen-dev (1 NixOS machine)                          │"
"│      └─NixOS: dev-machine                                          │"
"│                                                                    │"
"│                                                                    │"
"│                                                                    │"
"│                                                                    │"
"│                                                                    │"
"│                                                                    │"
"│                                                                    │"
"│                                                                    │"
"└ 2 generators found, 2 total targets. Selected generator will be use┘"
