---
source: tests/tui/view_tests.rs
expression: result.to_string()
---
State:
GeneratorSelectionSnapshot {
    artifact_name: "shared-api-key",
    description: None,
    selected_index: 1,
    generators: [
        GeneratorSnapshot {
            path: "/nix/store/xxx-gen-prod",
            sources: [
                SourceSnapshot {
                    target: "prod-server",
                    target_type: "nixos",
                },
            ],
        },
        GeneratorSnapshot {
            path: "/nix/store/yyy-gen-dev",
            sources: [
                SourceSnapshot {
                    target: "dev-machine",
                    target_type: "nixos",
                },
            ],
        },
    ],
    prompts: [],
    nixos_targets: [
        "prod-server",
        "dev-machine",
    ],
    home_targets: [],
}

Rendered:
"┌Artifact: shared-api-key────────────────────────────────────────────┐"
"│Shared artifact                                                     │"
"│────────────────────────────────────────────────────────────────────│"
"│Select generator for shared-api-key                                 │"
"│────────────────────────────────────────────────────────────────────│"
"│No description provided                                             │"
"│────────────────────────────────────────────────────────────────────│"
"│  /nix/store/xxx-gen-prod  (1 machine)                              │"
"│> /nix/store/yyy-gen-dev  (1 machine)                               │"
"│────────────────────────────────────────────────────────────────────│"
"│All targets:                                                        │"
"│nixos: dev-machine                                                  │"
"│nixos: prod-server                                                  │"
"│────────────────────────────────────────────────────────────────────│"
"└────────────────────────────────────────────────────────────────────┘"
