---
source: tests/tui/view_tests.rs
expression: output
---
"┌Artifacts (3) - j/k: move, Enter:┐┌Logs: machine-two/api-token──────┐"
"│  ○ [N] machine-one/ssh-key      ││| Generating API token...        │"
"│> ✓ [N] machine-two/api-token    ││| Token generated successfully   │"
"│  ◐ [H] user@host/gpg-key        ││✓ Generated 1 file(s)            │"
"│                                 ││✓ Serialized to backend          │"
"│                                 ││                                 │"
"│                                 ││                                 │"
"│                                 ││                                 │"
"└─────────────────────────────────┘│                                 │"
"○ Pend ◐ Need ✓ OK ✗ Fail          └─────────────────────────────────┘"
