---
source: tests/tui/regenerate_dialog_tests.rs
assertion_line: 672
expression: result.to_string()
---
Dialog State:
  artifact_name: ssh-key
  affected_targets: ["machine-one"]
  leave_selected: true

Rendered:
                                                                                
                                                                                
                                                                                
                                                                                
                                                                                
                                                                                
                                                                                
                ┌Regenerating artifact: ssh-key────────────────┐                
                │                                              │                
                │  This will overwrite the existing artifact.  │                
                │                                              │                
                │ ┌───────────────────┐ m┌───────────────────┐ │                
                │ │     > Leave <     │  │    Regenerate     │ │                
                │ └───────────────────┘  └───────────────────┘ │                
                │                                              │                
                │                                              │                
                └──────────────────────────────────────────────┘
