---
source: tests/tui/view_tests.rs
expression: result.to_string()
---
State:
GeneratorSelectionSnapshot {
    artifact_name: "shared-ssh-key",
    selected_index: 0,
    generators: [
        GeneratorSnapshot {
            path: "/nix/store/xxx-gen-ssh",
            sources: [
                SourceSnapshot {
                    target: "machine-one",
                    target_type: "nixos",
                },
                SourceSnapshot {
                    target: "machine-two",
                    target_type: "nixos",
                },
            ],
        },
    ],
}

Rendered:
"┌Select generator for shared artifact "shared-ssh-key"───────────────┐"
"│> /nix/store/xxx-gen-ssh (2 NixOS machines)                         │"
"│      ├─NixOS: machine-one                                          │"
"│      └─NixOS: machine-two                                          │"
"│                                                                    │"
"│                                                                    │"
"│                                                                    │"
"│                                                                    │"
"│                                                                    │"
"│                                                                    │"
"│                                                                    │"
"│                                                                    │"
"│                                                                    │"
"│                                                                    │"
"└ 1 generators found, 2 total targets. Selected generator will be use┘"
