---
source: tests/tui/view_tests.rs
expression: result.to_string()
---
State:
GeneratorSelectionSnapshot {
    artifact_name: "widely-used",
    description: None,
    selected_index: 0,
    generators: [
        GeneratorSnapshot {
            path: "/nix/store/shared-gen",
            sources: [
                SourceSnapshot {
                    target: "server-1",
                    target_type: "nixos",
                },
                SourceSnapshot {
                    target: "server-2",
                    target_type: "nixos",
                },
                SourceSnapshot {
                    target: "server-3",
                    target_type: "nixos",
                },
                SourceSnapshot {
                    target: "server-4",
                    target_type: "nixos",
                },
                SourceSnapshot {
                    target: "server-5",
                    target_type: "nixos",
                },
            ],
        },
    ],
    prompts: [],
    nixos_targets: [
        "server-1",
        "server-2",
        "server-3",
        "server-4",
        "server-5",
    ],
    home_targets: [],
}

Rendered:
"┌Artifact: widely-used─────────────────────────────────────────────────────────┐"
"│Shared artifact                                                               │"
"│──────────────────────────────────────────────────────────────────────────────│"
"│Select generator for widely-used                                              │"
"│──────────────────────────────────────────────────────────────────────────────│"
"│No description provided                                                       │"
"│──────────────────────────────────────────────────────────────────────────────│"
"│> /nix/store/shared-gen  (5 machines)                                         │"
"│──────────────────────────────────────────────────────────────────────────────│"
"│All targets:                                                                  │"
"│nixos: server-1                                                               │"
"│nixos: server-2                                                               │"
"│nixos: server-3                                                               │"
"│nixos: server-4                                                               │"
"│nixos: server-5                                                               │"
"│──────────────────────────────────────────────────────────────────────────────│"
"│j/k: move, Enter: select, Esc: cancel                                         │"
"│                                                                              │"
"│                                                                              │"
"└──────────────────────────────────────────────────────────────────────────────┘"
