---
source: tests/tui/integration_tests.rs
expression: "run_tui(\"scenarios/shared-artifacts\", events)"
---
TestResult {
    events: [
        "quit",
    ],
    before: ModelState {
        screen: "ArtifactList",
        selected_index: 0,
        selected_log_step: "Check",
        artifacts: [
            ArtifactState {
                target: "[shared]",
                name: "shared-secret",
                status: "Pending",
                target_type: "shared",
            },
            ArtifactState {
                target: "machine-one",
                name: "local-secret",
                status: "Pending",
                target_type: "nixos",
            },
            ArtifactState {
                target: "machine-two",
                name: "local-secret",
                status: "Pending",
                target_type: "nixos",
            },
        ],
        error: None,
        warnings_count: 0,
    },
    after: ModelState {
        screen: "ArtifactList",
        selected_index: 0,
        selected_log_step: "Check",
        artifacts: [
            ArtifactState {
                target: "[shared]",
                name: "shared-secret",
                status: "Pending",
                target_type: "shared",
            },
            ArtifactState {
                target: "machine-one",
                name: "local-secret",
                status: "Pending",
                target_type: "nixos",
            },
            ArtifactState {
                target: "machine-two",
                name: "local-secret",
                status: "Pending",
                target_type: "nixos",
            },
        ],
        error: None,
        warnings_count: 0,
    },
    serialized_artifacts: {},
}
