---
source: tests/tui/view_tests.rs
expression: result.to_string()
---
State:
GeneratingSnapshot {
    artifact_name: "ssh-key",
    step: "RunningGenerator",
    log_line_count: 0,
}

Rendered:
"Generating artifact: ssh-key                                "
"                                                            "
"────────────────────────────────────────────────────────────"
"⟳ Running generator                                         "
"○ Serializing files                                         "
"                                                            "
"                                                            "
"                                                            "
"┌Output────────────────────────────────────────────────────┐"
"│                                                          │"
"│                                                          │"
"│                                                          │"
"│                                                          │"
"│                                                          │"
"└──────────────────────────────────────────────────────────┘"
