---
source: tests/tui/view_tests.rs
expression: output
---
"┌Artifacts (3) - j/k: move, Tab: l┐┌Logs: machine-two/api-token──────┐"
"│  ○ [N] machine-one/ssh-key      ││▶ Check                          │"
"│> ✓ [N] machine-two/api-token    ││▼ Generate                       │"
"│  ◐ [H] user@host/gpg-key        ││  | Generating API token...      │"
"│                                 ││  | Token generated successfully │"
"│                                 ││  ✓ Generated 1 file(s)          │"
"│                                 ││▶ Serialize                      │"
"│                                 ││                                 │"
"└─────────────────────────────────┘│                                 │"
"○ Pend ◐ Need ✓ OK ✗ Fail          └─────────────────────────────────┘"
