---
source: tests/tui/view_tests.rs
expression: result.to_string()
---
State:
ArtifactListState {
    selected_index: 0,
    selected_log_step: "Check",
    artifacts: [],
    error: None,
}

Rendered:
"┌Artifacts (1) - j/k: move, Tab: l┐┌Logs: shared-secret──────────────┐"
"│> ○ [S] shared-secret (2 targets)││No logs yet. Generate this       │"
"│                                 ││artifact to see output.          │"
"│                                 ││                                 │"
"│                                 ││                                 │"
"│                                 ││                                 │"
"│                                 ││                                 │"
"│                                 ││                                 │"
"└─────────────────────────────────┘│                                 │"
"○ Pend ◐ Need ✓ OK ✗ Fail          └─────────────────────────────────┘"
