---
source: tests/tui/view_tests.rs
expression: result.to_string()
---
State:
GeneratorSelectionSnapshot {
    artifact_name: "shared-ssh-key",
    description: None,
    selected_index: 0,
    generators: [
        GeneratorSnapshot {
            path: "/nix/store/xxx-gen-ssh",
            sources: [
                SourceSnapshot {
                    target: "machine-one",
                    target_type: "nixos",
                },
                SourceSnapshot {
                    target: "machine-two",
                    target_type: "nixos",
                },
            ],
        },
    ],
    prompts: [],
    nixos_targets: [
        "machine-one",
        "machine-two",
    ],
    home_targets: [],
}

Rendered:
"┌Artifact: shared-ssh-key────────────────────────────────────────────┐"
"│Shared artifact                                                     │"
"│────────────────────────────────────────────────────────────────────│"
"│Select generator for shared-ssh-key                                 │"
"│────────────────────────────────────────────────────────────────────│"
"│No description provided                                             │"
"│────────────────────────────────────────────────────────────────────│"
"│> /nix/store/xxx-gen-ssh  (2 machines)                              │"
"│────────────────────────────────────────────────────────────────────│"
"│All targets:                                                        │"
"│nixos: machine-one                                                  │"
"│nixos: machine-two                                                  │"
"│────────────────────────────────────────────────────────────────────│"
"│j/k: move, Enter: select, Esc: cancel                               │"
"└────────────────────────────────────────────────────────────────────┘"
