---
source: tests/tui/view_tests.rs
expression: output
---
Prompt: gpg-key [2/3]

────────────────────────────────────────────────────────────
Field: name
Enter full name


┌Input─────────────────────────────────────────────────────┐
│[line] > █                                                │
└──────────────────────────────────────────────────────────┘
Tab: change mode | Enter: submit | Esc: cancel
