---
source: tests/tui/view_tests.rs
expression: output
---
Generating: ssh-key

────────────────────────────────────────────────────────────
✓ Running generator
⟳ Serializing files



┌Output────────────────────────────────────────────────────┐
│Generator completed successfully                          │
│Starting serialization...                                 │
│                                                          │
│                                                          │
│                                                          │
└──────────────────────────────────────────────────────────┘
