---
source: tests/config/make_tests.rs
expression: "make_snapshot!(input, config)"
---
Input:
{
    "nixos": [{
        "machine": "machine-one",
        "artifacts": {
            "my-secret": {
                "name": "my-secret",
                "shared": false,
                "files": {},
                "prompts": {},
                "generator": "/nix/store/gen.sh",
                "serialization": "test"
            }
        },
        "config": {}
    }],
    "home": []
}

Parsed:
MakeConfiguration {
    nixos_map: {
        "machine-one": {
            "my-secret": ArtifactDef {
                name: "my-secret",
                description: None,
                shared: false,
                files: {},
                prompts: {},
                generator: "/nix/store/gen.sh",
                serialization: "test",
            },
        },
    },
    home_map: {},
    nixos_config: {},
    home_config: {},
    make_base: "",
    make_json: "make.json",
}
