---
source: tests/config/make_tests.rs
expression: "make_snapshot!(input, config)"
---
Input:
{
    "nixos": [
        {
            "machine": "machine-one",
            "artifacts": {
                "shared-secret": {
                    "name": "shared-secret",
                    "shared": true,
                    "files": {
                        "id_ed25519": {
                            "name": "id_ed25519",
                            "path": "/run/secrets/id_ed25519",
                            "owner": "root",
                            "group": "root"
                        }
                    },
                    "prompts": {},
                    "generator": "/nix/store/gen.sh",
                    "serialization": "test"
                }
            },
            "config": {}
        },
        {
            "machine": "machine-two",
            "artifacts": {
                "shared-secret": {
                    "name": "shared-secret",
                    "shared": true,
                    "files": {
                        "id_ed25519": {
                            "name": "id_ed25519",
                            "path": "/run/secrets/id_ed25519",
                            "owner": "root",
                            "group": "root"
                        },
                        "id_ed25519.pub": {
                            "name": "id_ed25519.pub",
                            "path": "/run/secrets/id_ed25519.pub",
                            "owner": "root",
                            "group": "root"
                        }
                    },
                    "prompts": {},
                    "generator": "/nix/store/gen.sh",
                    "serialization": "test"
                }
            },
            "config": {}
        }
    ],
    "home": []
}

Parsed:
MakeConfiguration {
    nixos_map: {
        "machine-one": {
            "shared-secret": ArtifactDef {
                name: "shared-secret",
                description: None,
                shared: true,
                files: {
                    "id_ed25519": FileDef {
                        name: "id_ed25519",
                        path: Some(
                            "/run/secrets/id_ed25519",
                        ),
                        owner: Some(
                            "root",
                        ),
                        group: Some(
                            "root",
                        ),
                    },
                },
                prompts: {},
                generator: "/nix/store/gen.sh",
                serialization: "test",
            },
        },
        "machine-two": {
            "shared-secret": ArtifactDef {
                name: "shared-secret",
                description: None,
                shared: true,
                files: {
                    "id_ed25519": FileDef {
                        name: "id_ed25519",
                        path: Some(
                            "/run/secrets/id_ed25519",
                        ),
                        owner: Some(
                            "root",
                        ),
                        group: Some(
                            "root",
                        ),
                    },
                    "id_ed25519.pub": FileDef {
                        name: "id_ed25519.pub",
                        path: Some(
                            "/run/secrets/id_ed25519.pub",
                        ),
                        owner: Some(
                            "root",
                        ),
                        group: Some(
                            "root",
                        ),
                    },
                },
                prompts: {},
                generator: "/nix/store/gen.sh",
                serialization: "test",
            },
        },
    },
    home_map: {},
    nixos_config: {},
    home_config: {},
    make_base: "",
    make_json: "make.json",
}
