---
source: tests/config/make_tests.rs
expression: snapshot
---
Input:
{
    "nixos": [{
        "machine": "machine-one",
        "artifacts": {
            "test-secret": {
                "name": "test-secret",
                "shared": false,
                "files": {},
                "prompts": {},
                "generator": "/nix/store/gen.sh",
                "serialization": "test"
            }
        },
        "config": {}
    }],
    "home": []
}

Parsed:
ArtifactDef {
    name: "test-secret",
    description: None,
    shared: false,
    files: {},
    prompts: {},
    generator: "/nix/store/gen.sh",
    serialization: "test",
}
